192.0.2.1:1234 - - [26/Dec/2022:15:04:05 +0900] "GET / HTTP/1.1" - 4 "-" "go test client"
192.0.2.1:1234 - hoge [26/Dec/2022:15:04:06 +0900] "GET /hoge HTTP/1.1" - 4 "https://example.com" "go test client"
222.222.333.333 - hoge [26/Dec/2022:15:04:06 +0900] "GET /hoge HTTP/1.1" - 4 "https://example.com" "go test client"
